0 verbose cli /usr/local/bin/node /usr/local/bin/npm
1 info using npm@10.9.8
2 info using node@v22.23.2
3 silly config load:file:/usr/local/lib/node_modules/npm/npmrc
4 silly config load:file:/jekyll/tools/minitype-pdf/.npmrc
5 silly config load:file:/jekyll/.npmrc
6 silly config load:file:/usr/local/etc/npmrc
7 verbose title npm ci
8 verbose argv "ci" "--include" "optional"
9 verbose logfile logs-max:10 dir:/jekyll/.npm/_logs/2026-09-14T02_13_44_172Z-
10 verbose logfile /jekyll/.npm/_logs/2026-09-14T02_13_44_172Z-debug-0.log
11 silly logfile done cleaning log files
12 silly packumentCache heap:2197815296 maxSize:549453824 maxEntrySize:274726912
13 silly idealTree buildDeps
14 http fetch GET 200 https://registry.npmjs.org/npm 2675ms
15 silly reify moves {}
16 silly audit bulk request {
16 silly audit   '@citation-js/core': [ '0.7.21' ],
16 silly audit   '@citation-js/date': [ '0.5.1' ],
16 silly audit   '@citation-js/name': [ '0.4.2' ],
16 silly audit   '@citation-js/plugin-bibtex': [ '0.7.21' ],
16 silly audit   '@minitype/minitype': [ '0.1.6' ],
16 silly audit   '@napi-rs/canvas': [ '0.1.100' ],
16 silly audit   '@napi-rs/canvas-android-arm64': [ '0.1.100' ],
16 silly audit   '@napi-rs/canvas-darwin-arm64': [ '0.1.100' ],
16 silly audit   '@napi-rs/canvas-darwin-x64': [ '0.1.100' ],
16 silly audit   '@napi-rs/canvas-linux-arm-gnueabihf': [ '0.1.100' ],
16 silly audit   '@napi-rs/canvas-linux-arm64-gnu': [ '0.1.100' ],
16 silly audit   '@napi-rs/canvas-linux-arm64-musl': [ '0.1.100' ],
16 silly audit   '@napi-rs/canvas-linux-riscv64-gnu': [ '0.1.100' ],
16 silly audit   '@napi-rs/canvas-linux-x64-gnu': [ '0.1.100' ],
16 silly audit   '@napi-rs/canvas-linux-x64-musl': [ '0.1.100' ],
16 silly audit   '@napi-rs/canvas-win32-arm64-msvc': [ '0.1.100' ],
16 silly audit   '@napi-rs/canvas-win32-x64-msvc': [ '0.1.100' ],
16 silly audit   '@nodable/entities': [ '3.0.0' ],
16 silly audit   '@pdf-lib/standard-fonts': [ '1.0.0' ],
16 silly audit   '@pdf-lib/upng': [ '1.0.1' ],
16 silly audit   '@resvg/resvg-js': [ '2.6.2' ],
16 silly audit   '@resvg/resvg-js-android-arm-eabi': [ '2.6.2' ],
16 silly audit   '@resvg/resvg-js-android-arm64': [ '2.6.2' ],
16 silly audit   '@resvg/resvg-js-darwin-arm64': [ '2.6.2' ],
16 silly audit   '@resvg/resvg-js-darwin-x64': [ '2.6.2' ],
16 silly audit   '@resvg/resvg-js-linux-arm-gnueabihf': [ '2.6.2' ],
16 silly audit   '@resvg/resvg-js-linux-arm64-gnu': [ '2.6.2' ],
16 silly audit   '@resvg/resvg-js-linux-arm64-musl': [ '2.6.2' ],
16 silly audit   '@resvg/resvg-js-linux-x64-gnu': [ '2.6.2' ],
16 silly audit   '@resvg/resvg-js-linux-x64-musl': [ '2.6.2' ],
16 silly audit   '@resvg/resvg-js-win32-arm64-msvc': [ '2.6.2' ],
16 silly audit   '@resvg/resvg-js-win32-ia32-msvc': [ '2.6.2' ],
16 silly audit   '@resvg/resvg-js-win32-x64-msvc': [ '2.6.2' ],
16 silly audit   '@swc/helpers': [ '0.5.23' ],
16 silly audit   tslib: [ '2.8.1', '1.14.1' ],
16 silly audit   '@types/hast': [ '3.0.5' ],
16 silly audit   '@types/unist': [ '3.0.3' ],
16 silly audit   '@xmldom/xmldom': [ '0.9.12' ],
16 silly audit   anynum: [ '1.0.1' ],
16 silly audit   'base64-js': [ '1.5.1', '0.0.8' ],
16 silly audit   'better-sqlite3': [ '12.11.1' ],
16 silly audit   bindings: [ '1.5.0' ],
16 silly audit   bl: [ '4.1.0' ],
16 silly audit   blob: [ '0.0.4' ],
16 silly audit   'blob-stream': [ '0.1.3' ],
16 silly audit   brotli: [ '1.3.3' ],
16 silly audit   'browserify-zlib': [ '0.2.0' ],
16 silly audit   buffer: [ '5.7.1' ],
16 silly audit   chownr: [ '1.1.4' ],
16 silly audit   clone: [ '2.1.2' ],
16 silly audit   commander: [ '13.1.0' ],
16 silly audit   'crypto-js': [ '4.2.0' ],
16 silly audit   'decompress-response': [ '6.0.0' ],
16 silly audit   'deep-extend': [ '0.6.0' ],
16 silly audit   dequal: [ '2.0.3' ],
16 silly audit   'detect-libc': [ '2.1.2' ],
16 silly audit   devlop: [ '1.1.0' ],
16 silly audit   dfa: [ '1.2.0' ],
16 silly audit   'end-of-stream': [ '1.4.5' ],
16 silly audit   esm: [ '3.2.25' ],
16 silly audit   'expand-template': [ '2.0.3' ],
16 silly audit   'fast-deep-equal': [ '3.1.3' ],
16 silly audit   'fast-xml-builder': [ '1.3.1' ],
16 silly audit   'fast-xml-parser': [ '5.11.1' ],
16 silly audit   'fetch-ponyfill': [ '7.1.0' ],
16 silly audit   'file-uri-to-path': [ '1.0.0' ],
16 silly audit   fontkit: [ '2.0.4' ],
16 silly audit   'fs-constants': [ '1.0.0' ],
16 silly audit   'github-from-package': [ '0.0.0' ],
16 silly audit   'highlight.js': [ '11.12.0', '11.11.2' ],
16 silly audit   'hyphenation.en-us': [ '0.2.1' ],
16 silly audit   hypher: [ '0.2.5' ],
16 silly audit   ieee754: [ '1.2.1' ],
16 silly audit   'image-size': [ '2.0.2' ],
16 silly audit   inherits: [ '2.0.4' ],
16 silly audit   ini: [ '1.3.8' ],
16 silly audit   'is-unsafe': [ '2.0.2' ],
16 silly audit   'jpeg-exif': [ '1.1.4' ],
16 silly audit   linebreak: [ '1.1.0' ],
16 silly audit   lowlight: [ '3.3.0' ],
16 silly audit   marked: [ '17.0.6' ],
16 silly audit   'mathjax-full': [ '3.2.2' ],
16 silly audit   mhchemparser: [ '4.2.1' ],
16 silly audit   'mimic-response': [ '3.1.0' ],
16 silly audit   minimist: [ '1.2.8' ],
16 silly audit   'mj-context-menu': [ '0.6.1' ],
16 silly audit   'mkdirp-classic': [ '0.5.3' ],
16 silly audit   moo: [ '0.5.3' ],
16 silly audit   'napi-build-utils': [ '2.0.0' ],
16 silly audit   'node-abi': [ '3.96.0' ],
16 silly audit   'node-fetch': [ '2.6.13' ],
16 silly audit   'node-readable-to-web-readable-stream': [ '0.4.2' ],
16 silly audit   once: [ '1.4.0' ],
16 silly audit   'opentype.js': [ '1.3.4' ],
16 silly audit   pako: [ '1.0.11', '0.2.9' ],
16 silly audit   'path-expression-matcher': [ '1.6.2' ],
16 silly audit   'pdf-lib': [ '1.17.1' ],
16 silly audit   'pdfjs-dist': [ '5.4.624' ],
16 silly audit   pdfkit: [ '0.17.2' ],
16 silly audit   'png-js': [ '1.1.0' ],
16 silly audit   'prebuild-install': [ '7.1.3' ],
16 silly audit   pump: [ '3.0.4' ],
16 silly audit   rc: [ '1.2.8' ],
16 silly audit   'readable-stream': [ '3.6.2' ],
16 silly audit   restructure: [ '3.0.2' ],
16 silly audit   'safe-buffer': [ '5.2.1' ],
16 silly audit   semver: [ '7.8.5' ],
16 silly audit   'simple-concat': [ '1.0.1' ],
16 silly audit   'simple-get': [ '4.0.1' ],
16 silly audit   'speech-rule-engine': [ '4.1.4' ],
16 silly audit   string_decoder: [ '1.3.0' ],
16 silly audit   'string.prototype.codepointat': [ '0.2.1' ],
16 silly audit   'strip-json-comments': [ '2.0.1' ],
16 silly audit   strnum: [ '2.4.2' ],
16 silly audit   'svg-to-pdfkit': [ '0.1.8' ],
16 silly audit   'sync-fetch': [ '0.4.5' ],
16 silly audit   'tar-fs': [ '2.1.5' ],
16 silly audit   'tar-stream': [ '2.2.0' ],
16 silly audit   'tiny-inflate': [ '1.0.3' ],
16 silly audit   tr46: [ '0.0.3' ],
16 silly audit   'tunnel-agent': [ '0.6.0' ],
16 silly audit   'unicode-properties': [ '1.4.1' ],
16 silly audit   'unicode-trie': [ '2.0.0' ],
16 silly audit   'util-deprecate': [ '1.0.2' ],
16 silly audit   'webidl-conversions': [ '3.0.1' ],
16 silly audit   'whatwg-url': [ '5.0.0' ],
16 silly audit   'wicked-good-xpath': [ '1.3.0' ],
16 silly audit   wrappy: [ '1.0.2' ],
16 silly audit   'xml-naming': [ '0.3.0' ],
16 silly audit   yaml: [ '2.9.1' ],
16 silly audit   zod: [ '4.6.4' ]
16 silly audit }
17 verbose reify failed optional dependency /jekyll/tools/minitype-pdf/node_modules/@resvg/resvg-js-win32-x64-msvc
18 silly reify mark deleted [
18 silly reify   '/jekyll/tools/minitype-pdf/node_modules/@resvg/resvg-js-win32-x64-msvc'
18 silly reify ]
19 verbose reify failed optional dependency /jekyll/tools/minitype-pdf/node_modules/@resvg/resvg-js-win32-ia32-msvc
20 silly reify mark deleted [
20 silly reify   '/jekyll/tools/minitype-pdf/node_modules/@resvg/resvg-js-win32-ia32-msvc'
20 silly reify ]
21 verbose reify failed optional dependency /jekyll/tools/minitype-pdf/node_modules/@resvg/resvg-js-win32-arm64-msvc
22 silly reify mark deleted [
22 silly reify   '/jekyll/tools/minitype-pdf/node_modules/@resvg/resvg-js-win32-arm64-msvc'
22 silly reify ]
23 verbose reify failed optional dependency /jekyll/tools/minitype-pdf/node_modules/@resvg/resvg-js-linux-x64-musl
24 silly reify mark deleted [
24 silly reify   '/jekyll/tools/minitype-pdf/node_modules/@resvg/resvg-js-linux-x64-musl'
24 silly reify ]
25 verbose reify failed optional dependency /jekyll/tools/minitype-pdf/node_modules/@resvg/resvg-js-linux-x64-gnu
26 silly reify mark deleted [
26 silly reify   '/jekyll/tools/minitype-pdf/node_modules/@resvg/resvg-js-linux-x64-gnu'
26 silly reify ]
27 verbose reify failed optional dependency /jekyll/tools/minitype-pdf/node_modules/@resvg/resvg-js-linux-arm64-musl
28 silly reify mark deleted [
28 silly reify   '/jekyll/tools/minitype-pdf/node_modules/@resvg/resvg-js-linux-arm64-musl'
28 silly reify ]
29 verbose reify failed optional dependency /jekyll/tools/minitype-pdf/node_modules/@resvg/resvg-js-linux-arm-gnueabihf
30 silly reify mark deleted [
30 silly reify   '/jekyll/tools/minitype-pdf/node_modules/@resvg/resvg-js-linux-arm-gnueabihf'
30 silly reify ]
31 verbose reify failed optional dependency /jekyll/tools/minitype-pdf/node_modules/@resvg/resvg-js-darwin-x64
32 silly reify mark deleted [
32 silly reify   '/jekyll/tools/minitype-pdf/node_modules/@resvg/resvg-js-darwin-x64'
32 silly reify ]
33 verbose reify failed optional dependency /jekyll/tools/minitype-pdf/node_modules/@resvg/resvg-js-darwin-arm64
34 silly reify mark deleted [
34 silly reify   '/jekyll/tools/minitype-pdf/node_modules/@resvg/resvg-js-darwin-arm64'
34 silly reify ]
35 verbose reify failed optional dependency /jekyll/tools/minitype-pdf/node_modules/@resvg/resvg-js-android-arm64
36 silly reify mark deleted [
36 silly reify   '/jekyll/tools/minitype-pdf/node_modules/@resvg/resvg-js-android-arm64'
36 silly reify ]
37 verbose reify failed optional dependency /jekyll/tools/minitype-pdf/node_modules/@resvg/resvg-js-android-arm-eabi
38 silly reify mark deleted [
38 silly reify   '/jekyll/tools/minitype-pdf/node_modules/@resvg/resvg-js-android-arm-eabi'
38 silly reify ]
39 verbose reify failed optional dependency /jekyll/tools/minitype-pdf/node_modules/@napi-rs/canvas-win32-x64-msvc
40 silly reify mark deleted [
40 silly reify   '/jekyll/tools/minitype-pdf/node_modules/@napi-rs/canvas-win32-x64-msvc'
40 silly reify ]
41 verbose reify failed optional dependency /jekyll/tools/minitype-pdf/node_modules/@napi-rs/canvas-win32-arm64-msvc
42 silly reify mark deleted [
42 silly reify   '/jekyll/tools/minitype-pdf/node_modules/@napi-rs/canvas-win32-arm64-msvc'
42 silly reify ]
43 verbose reify failed optional dependency /jekyll/tools/minitype-pdf/node_modules/@napi-rs/canvas-linux-x64-musl
44 silly reify mark deleted [
44 silly reify   '/jekyll/tools/minitype-pdf/node_modules/@napi-rs/canvas-linux-x64-musl'
44 silly reify ]
45 verbose reify failed optional dependency /jekyll/tools/minitype-pdf/node_modules/@napi-rs/canvas-linux-x64-gnu
46 silly reify mark deleted [
46 silly reify   '/jekyll/tools/minitype-pdf/node_modules/@napi-rs/canvas-linux-x64-gnu'
46 silly reify ]
47 verbose reify failed optional dependency /jekyll/tools/minitype-pdf/node_modules/@napi-rs/canvas-linux-riscv64-gnu
48 silly reify mark deleted [
48 silly reify   '/jekyll/tools/minitype-pdf/node_modules/@napi-rs/canvas-linux-riscv64-gnu'
48 silly reify ]
49 verbose reify failed optional dependency /jekyll/tools/minitype-pdf/node_modules/@napi-rs/canvas-linux-arm64-musl
50 silly reify mark deleted [
50 silly reify   '/jekyll/tools/minitype-pdf/node_modules/@napi-rs/canvas-linux-arm64-musl'
50 silly reify ]
51 verbose reify failed optional dependency /jekyll/tools/minitype-pdf/node_modules/@napi-rs/canvas-linux-arm-gnueabihf
52 silly reify mark deleted [
52 silly reify   '/jekyll/tools/minitype-pdf/node_modules/@napi-rs/canvas-linux-arm-gnueabihf'
52 silly reify ]
53 verbose reify failed optional dependency /jekyll/tools/minitype-pdf/node_modules/@napi-rs/canvas-darwin-x64
54 silly reify mark deleted [
54 silly reify   '/jekyll/tools/minitype-pdf/node_modules/@napi-rs/canvas-darwin-x64'
54 silly reify ]
55 verbose reify failed optional dependency /jekyll/tools/minitype-pdf/node_modules/@napi-rs/canvas-darwin-arm64
56 silly reify mark deleted [
56 silly reify   '/jekyll/tools/minitype-pdf/node_modules/@napi-rs/canvas-darwin-arm64'
56 silly reify ]
57 verbose reify failed optional dependency /jekyll/tools/minitype-pdf/node_modules/@napi-rs/canvas-android-arm64
58 silly reify mark deleted [
58 silly reify   '/jekyll/tools/minitype-pdf/node_modules/@napi-rs/canvas-android-arm64'
58 silly reify ]
59 http cache zod@https://registry.npmjs.org/zod/-/zod-4.6.4.tgz 0ms (cache hit)
60 http cache yaml@https://registry.npmjs.org/yaml/-/yaml-2.9.1.tgz 0ms (cache hit)
61 http cache wrappy@https://registry.npmjs.org/wrappy/-/wrappy-1.0.2.tgz 0ms (cache hit)
62 http cache wicked-good-xpath@https://registry.npmjs.org/wicked-good-xpath/-/wicked-good-xpath-1.3.0.tgz 0ms (cache hit)
63 http cache xml-naming@https://registry.npmjs.org/xml-naming/-/xml-naming-0.3.0.tgz 0ms (cache hit)
64 http cache whatwg-url@https://registry.npmjs.org/whatwg-url/-/whatwg-url-5.0.0.tgz 0ms (cache hit)
65 http cache util-deprecate@https://registry.npmjs.org/util-deprecate/-/util-deprecate-1.0.2.tgz 0ms (cache hit)
66 http cache unicode-trie@https://registry.npmjs.org/unicode-trie/-/unicode-trie-2.0.0.tgz 0ms (cache hit)
67 http cache webidl-conversions@https://registry.npmjs.org/webidl-conversions/-/webidl-conversions-3.0.1.tgz 0ms (cache hit)
68 http cache tunnel-agent@https://registry.npmjs.org/tunnel-agent/-/tunnel-agent-0.6.0.tgz 0ms (cache hit)
69 http cache unicode-properties@https://registry.npmjs.org/unicode-properties/-/unicode-properties-1.4.1.tgz 0ms (cache hit)
70 http cache tslib@https://registry.npmjs.org/tslib/-/tslib-1.14.1.tgz 0ms (cache hit)
71 http cache tiny-inflate@https://registry.npmjs.org/tiny-inflate/-/tiny-inflate-1.0.3.tgz 0ms (cache hit)
72 http cache tr46@https://registry.npmjs.org/tr46/-/tr46-0.0.3.tgz 0ms (cache hit)
73 http cache tar-stream@https://registry.npmjs.org/tar-stream/-/tar-stream-2.2.0.tgz 0ms (cache hit)
74 http cache tar-fs@https://registry.npmjs.org/tar-fs/-/tar-fs-2.1.5.tgz 0ms (cache hit)
75 http cache sync-fetch@https://registry.npmjs.org/sync-fetch/-/sync-fetch-0.4.5.tgz 0ms (cache hit)
76 http cache svg-to-pdfkit@https://registry.npmjs.org/svg-to-pdfkit/-/svg-to-pdfkit-0.1.8.tgz 0ms (cache hit)
77 http cache strnum@https://registry.npmjs.org/strnum/-/strnum-2.4.2.tgz 0ms (cache hit)
78 http cache strip-json-comments@https://registry.npmjs.org/strip-json-comments/-/strip-json-comments-2.0.1.tgz 0ms (cache hit)
79 http cache string.prototype.codepointat@https://registry.npmjs.org/string.prototype.codepointat/-/string.prototype.codepointat-0.2.1.tgz 0ms (cache hit)
80 http cache string_decoder@https://registry.npmjs.org/string_decoder/-/string_decoder-1.3.0.tgz 0ms (cache hit)
81 http cache speech-rule-engine@https://registry.npmjs.org/speech-rule-engine/-/speech-rule-engine-4.1.4.tgz 0ms (cache hit)
82 http cache simple-get@https://registry.npmjs.org/simple-get/-/simple-get-4.0.1.tgz 0ms (cache hit)
83 http cache simple-concat@https://registry.npmjs.org/simple-concat/-/simple-concat-1.0.1.tgz 0ms (cache hit)
84 http cache semver@https://registry.npmjs.org/semver/-/semver-7.8.5.tgz 0ms (cache hit)
85 http cache restructure@https://registry.npmjs.org/restructure/-/restructure-3.0.2.tgz 0ms (cache hit)
86 http cache safe-buffer@https://registry.npmjs.org/safe-buffer/-/safe-buffer-5.2.1.tgz 0ms (cache hit)
87 http cache readable-stream@https://registry.npmjs.org/readable-stream/-/readable-stream-3.6.2.tgz 0ms (cache hit)
88 http cache rc@https://registry.npmjs.org/rc/-/rc-1.2.8.tgz 0ms (cache hit)
89 http cache pump@https://registry.npmjs.org/pump/-/pump-3.0.4.tgz 0ms (cache hit)
90 http cache prebuild-install@https://registry.npmjs.org/prebuild-install/-/prebuild-install-7.1.3.tgz 0ms (cache hit)
91 http cache pdfkit@https://registry.npmjs.org/pdfkit/-/pdfkit-0.17.2.tgz 0ms (cache hit)
92 http cache png-js@https://registry.npmjs.org/png-js/-/png-js-1.1.0.tgz 0ms (cache hit)
93 http cache pdfjs-dist@https://registry.npmjs.org/pdfjs-dist/-/pdfjs-dist-5.4.624.tgz 0ms (cache hit)
94 http cache pdf-lib@https://registry.npmjs.org/pdf-lib/-/pdf-lib-1.17.1.tgz 0ms (cache hit)
95 http cache path-expression-matcher@https://registry.npmjs.org/path-expression-matcher/-/path-expression-matcher-1.6.2.tgz 0ms (cache hit)
96 http cache pako@https://registry.npmjs.org/pako/-/pako-1.0.11.tgz 0ms (cache hit)
97 http cache opentype.js@https://registry.npmjs.org/opentype.js/-/opentype.js-1.3.4.tgz 0ms (cache hit)
98 http cache once@https://registry.npmjs.org/once/-/once-1.4.0.tgz 0ms (cache hit)
99 http cache node-readable-to-web-readable-stream@https://registry.npmjs.org/node-readable-to-web-readable-stream/-/node-readable-to-web-readable-stream-0.4.2.tgz 0ms (cache hit)
100 http cache node-fetch@https://registry.npmjs.org/node-fetch/-/node-fetch-2.6.13.tgz 0ms (cache hit)
101 http cache node-abi@https://registry.npmjs.org/node-abi/-/node-abi-3.96.0.tgz 0ms (cache hit)
102 http cache napi-build-utils@https://registry.npmjs.org/napi-build-utils/-/napi-build-utils-2.0.0.tgz 0ms (cache hit)
103 http cache moo@https://registry.npmjs.org/moo/-/moo-0.5.3.tgz 0ms (cache hit)
104 http cache mkdirp-classic@https://registry.npmjs.org/mkdirp-classic/-/mkdirp-classic-0.5.3.tgz 0ms (cache hit)
105 http cache mj-context-menu@https://registry.npmjs.org/mj-context-menu/-/mj-context-menu-0.6.1.tgz 0ms (cache hit)
106 http cache minimist@https://registry.npmjs.org/minimist/-/minimist-1.2.8.tgz 0ms (cache hit)
107 http cache mimic-response@https://registry.npmjs.org/mimic-response/-/mimic-response-3.1.0.tgz 0ms (cache hit)
108 http cache mathjax-full@https://registry.npmjs.org/mathjax-full/-/mathjax-full-3.2.2.tgz 0ms (cache hit)
109 http cache mhchemparser@https://registry.npmjs.org/mhchemparser/-/mhchemparser-4.2.1.tgz 0ms (cache hit)
110 http cache marked@https://registry.npmjs.org/marked/-/marked-17.0.6.tgz 0ms (cache hit)
111 http cache lowlight@https://registry.npmjs.org/lowlight/-/lowlight-3.3.0.tgz 0ms (cache hit)
112 http cache linebreak@https://registry.npmjs.org/linebreak/-/linebreak-1.1.0.tgz 0ms (cache hit)
113 http cache jpeg-exif@https://registry.npmjs.org/jpeg-exif/-/jpeg-exif-1.1.4.tgz 0ms (cache hit)
114 http cache is-unsafe@https://registry.npmjs.org/is-unsafe/-/is-unsafe-2.0.2.tgz 0ms (cache hit)
115 http cache ini@https://registry.npmjs.org/ini/-/ini-1.3.8.tgz 0ms (cache hit)
116 http cache inherits@https://registry.npmjs.org/inherits/-/inherits-2.0.4.tgz 0ms (cache hit)
117 http cache image-size@https://registry.npmjs.org/image-size/-/image-size-2.0.2.tgz 0ms (cache hit)
118 http cache ieee754@https://registry.npmjs.org/ieee754/-/ieee754-1.2.1.tgz 0ms (cache hit)
119 http cache hypher@https://registry.npmjs.org/hypher/-/hypher-0.2.5.tgz 0ms (cache hit)
120 http cache github-from-package@https://registry.npmjs.org/github-from-package/-/github-from-package-0.0.0.tgz 0ms (cache hit)
121 http cache hyphenation.en-us@https://registry.npmjs.org/hyphenation.en-us/-/hyphenation.en-us-0.2.1.tgz 0ms (cache hit)
122 http cache highlight.js@https://registry.npmjs.org/highlight.js/-/highlight.js-11.12.0.tgz 0ms (cache hit)
123 http cache fs-constants@https://registry.npmjs.org/fs-constants/-/fs-constants-1.0.0.tgz 0ms (cache hit)
124 http cache file-uri-to-path@https://registry.npmjs.org/file-uri-to-path/-/file-uri-to-path-1.0.0.tgz 0ms (cache hit)
125 http cache fontkit@https://registry.npmjs.org/fontkit/-/fontkit-2.0.4.tgz 0ms (cache hit)
126 http cache fetch-ponyfill@https://registry.npmjs.org/fetch-ponyfill/-/fetch-ponyfill-7.1.0.tgz 0ms (cache hit)
127 http cache fast-xml-parser@https://registry.npmjs.org/fast-xml-parser/-/fast-xml-parser-5.11.1.tgz 0ms (cache hit)
128 http cache fast-xml-builder@https://registry.npmjs.org/fast-xml-builder/-/fast-xml-builder-1.3.1.tgz 0ms (cache hit)
129 http cache expand-template@https://registry.npmjs.org/expand-template/-/expand-template-2.0.3.tgz 0ms (cache hit)
130 http cache fast-deep-equal@https://registry.npmjs.org/fast-deep-equal/-/fast-deep-equal-3.1.3.tgz 0ms (cache hit)
131 http cache esm@https://registry.npmjs.org/esm/-/esm-3.2.25.tgz 0ms (cache hit)
132 http cache end-of-stream@https://registry.npmjs.org/end-of-stream/-/end-of-stream-1.4.5.tgz 0ms (cache hit)
133 http cache dfa@https://registry.npmjs.org/dfa/-/dfa-1.2.0.tgz 0ms (cache hit)
134 http cache devlop@https://registry.npmjs.org/devlop/-/devlop-1.1.0.tgz 0ms (cache hit)
135 http cache detect-libc@https://registry.npmjs.org/detect-libc/-/detect-libc-2.1.2.tgz 0ms (cache hit)
136 http cache dequal@https://registry.npmjs.org/dequal/-/dequal-2.0.3.tgz 0ms (cache hit)
137 http cache deep-extend@https://registry.npmjs.org/deep-extend/-/deep-extend-0.6.0.tgz 0ms (cache hit)
138 http cache decompress-response@https://registry.npmjs.org/decompress-response/-/decompress-response-6.0.0.tgz 0ms (cache hit)
139 http cache crypto-js@https://registry.npmjs.org/crypto-js/-/crypto-js-4.2.0.tgz 0ms (cache hit)
140 http cache commander@https://registry.npmjs.org/commander/-/commander-13.1.0.tgz 0ms (cache hit)
141 http cache clone@https://registry.npmjs.org/clone/-/clone-2.1.2.tgz 0ms (cache hit)
142 http cache chownr@https://registry.npmjs.org/chownr/-/chownr-1.1.4.tgz 0ms (cache hit)
143 http cache buffer@https://registry.npmjs.org/buffer/-/buffer-5.7.1.tgz 0ms (cache hit)
144 http cache browserify-zlib@https://registry.npmjs.org/browserify-zlib/-/browserify-zlib-0.2.0.tgz 0ms (cache hit)
145 http cache brotli@https://registry.npmjs.org/brotli/-/brotli-1.3.3.tgz 0ms (cache hit)
146 http cache blob-stream@https://registry.npmjs.org/blob-stream/-/blob-stream-0.1.3.tgz 0ms (cache hit)
147 http cache blob@https://registry.npmjs.org/blob/-/blob-0.0.4.tgz 0ms (cache hit)
148 http cache bindings@https://registry.npmjs.org/bindings/-/bindings-1.5.0.tgz 0ms (cache hit)
149 http cache bl@https://registry.npmjs.org/bl/-/bl-4.1.0.tgz 0ms (cache hit)
150 http cache better-sqlite3@https://registry.npmjs.org/better-sqlite3/-/better-sqlite3-12.11.1.tgz 0ms (cache hit)
151 http cache base64-js@https://registry.npmjs.org/base64-js/-/base64-js-1.5.1.tgz 0ms (cache hit)
152 http cache @xmldom/xmldom@https://registry.npmjs.org/@xmldom/xmldom/-/xmldom-0.9.12.tgz 0ms (cache hit)
153 http cache anynum@https://registry.npmjs.org/anynum/-/anynum-1.0.1.tgz 0ms (cache hit)
154 http cache @types/unist@https://registry.npmjs.org/@types/unist/-/unist-3.0.3.tgz 0ms (cache hit)
155 http cache @types/hast@https://registry.npmjs.org/@types/hast/-/hast-3.0.5.tgz 0ms (cache hit)
156 http cache @resvg/resvg-js-linux-arm64-gnu@https://registry.npmjs.org/@resvg/resvg-js-linux-arm64-gnu/-/resvg-js-linux-arm64-gnu-2.6.2.tgz 0ms (cache hit)
157 http cache @resvg/resvg-js@https://registry.npmjs.org/@resvg/resvg-js/-/resvg-js-2.6.2.tgz 0ms (cache hit)
158 http cache @swc/helpers@https://registry.npmjs.org/@swc/helpers/-/helpers-0.5.23.tgz 0ms (cache hit)
159 http cache @pdf-lib/standard-fonts@https://registry.npmjs.org/@pdf-lib/standard-fonts/-/standard-fonts-1.0.0.tgz 0ms (cache hit)
160 http cache @napi-rs/canvas-linux-arm64-gnu@https://registry.npmjs.org/@napi-rs/canvas-linux-arm64-gnu/-/canvas-linux-arm64-gnu-0.1.100.tgz 0ms (cache hit)
161 http cache @nodable/entities@https://registry.npmjs.org/@nodable/entities/-/entities-3.0.0.tgz 0ms (cache hit)
162 http cache @minitype/minitype@https://registry.npmjs.org/@minitype/minitype/-/minitype-0.1.6.tgz 0ms (cache hit)
163 http cache @citation-js/plugin-bibtex@https://registry.npmjs.org/@citation-js/plugin-bibtex/-/plugin-bibtex-0.7.21.tgz 0ms (cache hit)
164 http cache @napi-rs/canvas@https://registry.npmjs.org/@napi-rs/canvas/-/canvas-0.1.100.tgz 0ms (cache hit)
165 http cache @pdf-lib/upng@https://registry.npmjs.org/@pdf-lib/upng/-/upng-1.0.1.tgz 0ms (cache hit)
166 http cache @citation-js/name@https://registry.npmjs.org/@citation-js/name/-/name-0.4.2.tgz 0ms (cache hit)
167 http cache @citation-js/core@https://registry.npmjs.org/@citation-js/core/-/core-0.7.21.tgz 0ms (cache hit)
168 http cache @citation-js/date@https://registry.npmjs.org/@citation-js/date/-/date-0.5.1.tgz 0ms (cache hit)
169 http cache pako@https://registry.npmjs.org/pako/-/pako-0.2.9.tgz 0ms (cache hit)
170 http cache tslib@https://registry.npmjs.org/tslib/-/tslib-2.8.1.tgz 0ms (cache hit)
171 http cache base64-js@https://registry.npmjs.org/base64-js/-/base64-js-0.0.8.tgz 0ms (cache hit)
172 http cache highlight.js@https://registry.npmjs.org/highlight.js/-/highlight.js-11.11.2.tgz 0ms (cache hit)
173 silly tarball no local data for zod@https://registry.npmjs.org/zod/-/zod-4.6.4.tgz. Extracting by manifest.
174 silly tarball no local data for yaml@https://registry.npmjs.org/yaml/-/yaml-2.9.1.tgz. Extracting by manifest.
175 silly tarball no local data for wrappy@https://registry.npmjs.org/wrappy/-/wrappy-1.0.2.tgz. Extracting by manifest.
176 silly tarball no local data for wicked-good-xpath@https://registry.npmjs.org/wicked-good-xpath/-/wicked-good-xpath-1.3.0.tgz. Extracting by manifest.
177 silly tarball no local data for xml-naming@https://registry.npmjs.org/xml-naming/-/xml-naming-0.3.0.tgz. Extracting by manifest.
178 silly tarball no local data for whatwg-url@https://registry.npmjs.org/whatwg-url/-/whatwg-url-5.0.0.tgz. Extracting by manifest.
179 silly tarball no local data for util-deprecate@https://registry.npmjs.org/util-deprecate/-/util-deprecate-1.0.2.tgz. Extracting by manifest.
180 silly tarball no local data for unicode-trie@https://registry.npmjs.org/unicode-trie/-/unicode-trie-2.0.0.tgz. Extracting by manifest.
181 silly tarball no local data for webidl-conversions@https://registry.npmjs.org/webidl-conversions/-/webidl-conversions-3.0.1.tgz. Extracting by manifest.
182 silly tarball no local data for tunnel-agent@https://registry.npmjs.org/tunnel-agent/-/tunnel-agent-0.6.0.tgz. Extracting by manifest.
183 silly tarball no local data for unicode-properties@https://registry.npmjs.org/unicode-properties/-/unicode-properties-1.4.1.tgz. Extracting by manifest.
184 silly tarball no local data for tslib@https://registry.npmjs.org/tslib/-/tslib-1.14.1.tgz. Extracting by manifest.
185 silly tarball no local data for tiny-inflate@https://registry.npmjs.org/tiny-inflate/-/tiny-inflate-1.0.3.tgz. Extracting by manifest.
186 silly tarball no local data for tr46@https://registry.npmjs.org/tr46/-/tr46-0.0.3.tgz. Extracting by manifest.
187 silly tarball no local data for tar-stream@https://registry.npmjs.org/tar-stream/-/tar-stream-2.2.0.tgz. Extracting by manifest.
188 silly tarball no local data for tar-fs@https://registry.npmjs.org/tar-fs/-/tar-fs-2.1.5.tgz. Extracting by manifest.
189 silly tarball no local data for sync-fetch@https://registry.npmjs.org/sync-fetch/-/sync-fetch-0.4.5.tgz. Extracting by manifest.
190 silly tarball no local data for svg-to-pdfkit@https://registry.npmjs.org/svg-to-pdfkit/-/svg-to-pdfkit-0.1.8.tgz. Extracting by manifest.
191 silly tarball no local data for strnum@https://registry.npmjs.org/strnum/-/strnum-2.4.2.tgz. Extracting by manifest.
192 silly tarball no local data for strip-json-comments@https://registry.npmjs.org/strip-json-comments/-/strip-json-comments-2.0.1.tgz. Extracting by manifest.
193 silly tarball no local data for string.prototype.codepointat@https://registry.npmjs.org/string.prototype.codepointat/-/string.prototype.codepointat-0.2.1.tgz. Extracting by manifest.
194 silly tarball no local data for string_decoder@https://registry.npmjs.org/string_decoder/-/string_decoder-1.3.0.tgz. Extracting by manifest.
195 silly tarball no local data for speech-rule-engine@https://registry.npmjs.org/speech-rule-engine/-/speech-rule-engine-4.1.4.tgz. Extracting by manifest.
196 silly tarball no local data for simple-get@https://registry.npmjs.org/simple-get/-/simple-get-4.0.1.tgz. Extracting by manifest.
197 silly tarball no local data for simple-concat@https://registry.npmjs.org/simple-concat/-/simple-concat-1.0.1.tgz. Extracting by manifest.
198 silly tarball no local data for semver@https://registry.npmjs.org/semver/-/semver-7.8.5.tgz. Extracting by manifest.
199 silly tarball no local data for restructure@https://registry.npmjs.org/restructure/-/restructure-3.0.2.tgz. Extracting by manifest.
200 silly tarball no local data for safe-buffer@https://registry.npmjs.org/safe-buffer/-/safe-buffer-5.2.1.tgz. Extracting by manifest.
201 silly tarball no local data for readable-stream@https://registry.npmjs.org/readable-stream/-/readable-stream-3.6.2.tgz. Extracting by manifest.
202 silly tarball no local data for rc@https://registry.npmjs.org/rc/-/rc-1.2.8.tgz. Extracting by manifest.
203 silly tarball no local data for pump@https://registry.npmjs.org/pump/-/pump-3.0.4.tgz. Extracting by manifest.
204 silly tarball no local data for prebuild-install@https://registry.npmjs.org/prebuild-install/-/prebuild-install-7.1.3.tgz. Extracting by manifest.
205 silly tarball no local data for pdfkit@https://registry.npmjs.org/pdfkit/-/pdfkit-0.17.2.tgz. Extracting by manifest.
206 silly tarball no local data for png-js@https://registry.npmjs.org/png-js/-/png-js-1.1.0.tgz. Extracting by manifest.
207 silly tarball no local data for pdfjs-dist@https://registry.npmjs.org/pdfjs-dist/-/pdfjs-dist-5.4.624.tgz. Extracting by manifest.
208 silly tarball no local data for pdf-lib@https://registry.npmjs.org/pdf-lib/-/pdf-lib-1.17.1.tgz. Extracting by manifest.
209 silly tarball no local data for path-expression-matcher@https://registry.npmjs.org/path-expression-matcher/-/path-expression-matcher-1.6.2.tgz. Extracting by manifest.
210 silly tarball no local data for pako@https://registry.npmjs.org/pako/-/pako-1.0.11.tgz. Extracting by manifest.
211 silly tarball no local data for opentype.js@https://registry.npmjs.org/opentype.js/-/opentype.js-1.3.4.tgz. Extracting by manifest.
212 silly tarball no local data for once@https://registry.npmjs.org/once/-/once-1.4.0.tgz. Extracting by manifest.
213 silly tarball no local data for node-readable-to-web-readable-stream@https://registry.npmjs.org/node-readable-to-web-readable-stream/-/node-readable-to-web-readable-stream-0.4.2.tgz. Extracting by manifest.
214 silly tarball no local data for node-fetch@https://registry.npmjs.org/node-fetch/-/node-fetch-2.6.13.tgz. Extracting by manifest.
215 silly tarball no local data for node-abi@https://registry.npmjs.org/node-abi/-/node-abi-3.96.0.tgz. Extracting by manifest.
216 silly tarball no local data for napi-build-utils@https://registry.npmjs.org/napi-build-utils/-/napi-build-utils-2.0.0.tgz. Extracting by manifest.
217 silly tarball no local data for moo@https://registry.npmjs.org/moo/-/moo-0.5.3.tgz. Extracting by manifest.
218 silly tarball no local data for mkdirp-classic@https://registry.npmjs.org/mkdirp-classic/-/mkdirp-classic-0.5.3.tgz. Extracting by manifest.
219 silly tarball no local data for mj-context-menu@https://registry.npmjs.org/mj-context-menu/-/mj-context-menu-0.6.1.tgz. Extracting by manifest.
220 silly tarball no local data for minimist@https://registry.npmjs.org/minimist/-/minimist-1.2.8.tgz. Extracting by manifest.
221 silly tarball no local data for mimic-response@https://registry.npmjs.org/mimic-response/-/mimic-response-3.1.0.tgz. Extracting by manifest.
222 silly tarball no local data for mathjax-full@https://registry.npmjs.org/mathjax-full/-/mathjax-full-3.2.2.tgz. Extracting by manifest.
223 silly tarball no local data for mhchemparser@https://registry.npmjs.org/mhchemparser/-/mhchemparser-4.2.1.tgz. Extracting by manifest.
224 silly tarball no local data for marked@https://registry.npmjs.org/marked/-/marked-17.0.6.tgz. Extracting by manifest.
225 silly tarball no local data for lowlight@https://registry.npmjs.org/lowlight/-/lowlight-3.3.0.tgz. Extracting by manifest.
226 silly tarball no local data for linebreak@https://registry.npmjs.org/linebreak/-/linebreak-1.1.0.tgz. Extracting by manifest.
227 silly tarball no local data for jpeg-exif@https://registry.npmjs.org/jpeg-exif/-/jpeg-exif-1.1.4.tgz. Extracting by manifest.
228 silly tarball no local data for is-unsafe@https://registry.npmjs.org/is-unsafe/-/is-unsafe-2.0.2.tgz. Extracting by manifest.
229 silly tarball no local data for ini@https://registry.npmjs.org/ini/-/ini-1.3.8.tgz. Extracting by manifest.
230 silly tarball no local data for inherits@https://registry.npmjs.org/inherits/-/inherits-2.0.4.tgz. Extracting by manifest.
231 silly tarball no local data for image-size@https://registry.npmjs.org/image-size/-/image-size-2.0.2.tgz. Extracting by manifest.
232 silly tarball no local data for ieee754@https://registry.npmjs.org/ieee754/-/ieee754-1.2.1.tgz. Extracting by manifest.
233 silly tarball no local data for hypher@https://registry.npmjs.org/hypher/-/hypher-0.2.5.tgz. Extracting by manifest.
234 silly tarball no local data for github-from-package@https://registry.npmjs.org/github-from-package/-/github-from-package-0.0.0.tgz. Extracting by manifest.
235 silly tarball no local data for hyphenation.en-us@https://registry.npmjs.org/hyphenation.en-us/-/hyphenation.en-us-0.2.1.tgz. Extracting by manifest.
236 silly tarball no local data for highlight.js@https://registry.npmjs.org/highlight.js/-/highlight.js-11.12.0.tgz. Extracting by manifest.
237 silly tarball no local data for fs-constants@https://registry.npmjs.org/fs-constants/-/fs-constants-1.0.0.tgz. Extracting by manifest.
238 silly tarball no local data for file-uri-to-path@https://registry.npmjs.org/file-uri-to-path/-/file-uri-to-path-1.0.0.tgz. Extracting by manifest.
239 silly tarball no local data for fontkit@https://registry.npmjs.org/fontkit/-/fontkit-2.0.4.tgz. Extracting by manifest.
240 silly tarball no local data for fetch-ponyfill@https://registry.npmjs.org/fetch-ponyfill/-/fetch-ponyfill-7.1.0.tgz. Extracting by manifest.
241 silly tarball no local data for fast-xml-parser@https://registry.npmjs.org/fast-xml-parser/-/fast-xml-parser-5.11.1.tgz. Extracting by manifest.
242 silly tarball no local data for fast-xml-builder@https://registry.npmjs.org/fast-xml-builder/-/fast-xml-builder-1.3.1.tgz. Extracting by manifest.
243 silly tarball no local data for expand-template@https://registry.npmjs.org/expand-template/-/expand-template-2.0.3.tgz. Extracting by manifest.
244 silly tarball no local data for fast-deep-equal@https://registry.npmjs.org/fast-deep-equal/-/fast-deep-equal-3.1.3.tgz. Extracting by manifest.
245 silly tarball no local data for esm@https://registry.npmjs.org/esm/-/esm-3.2.25.tgz. Extracting by manifest.
246 silly tarball no local data for end-of-stream@https://registry.npmjs.org/end-of-stream/-/end-of-stream-1.4.5.tgz. Extracting by manifest.
247 silly tarball no local data for dfa@https://registry.npmjs.org/dfa/-/dfa-1.2.0.tgz. Extracting by manifest.
248 silly tarball no local data for devlop@https://registry.npmjs.org/devlop/-/devlop-1.1.0.tgz. Extracting by manifest.
249 silly tarball no local data for detect-libc@https://registry.npmjs.org/detect-libc/-/detect-libc-2.1.2.tgz. Extracting by manifest.
250 silly tarball no local data for dequal@https://registry.npmjs.org/dequal/-/dequal-2.0.3.tgz. Extracting by manifest.
251 silly tarball no local data for deep-extend@https://registry.npmjs.org/deep-extend/-/deep-extend-0.6.0.tgz. Extracting by manifest.
252 silly tarball no local data for decompress-response@https://registry.npmjs.org/decompress-response/-/decompress-response-6.0.0.tgz. Extracting by manifest.
253 silly tarball no local data for crypto-js@https://registry.npmjs.org/crypto-js/-/crypto-js-4.2.0.tgz. Extracting by manifest.
254 silly tarball no local data for commander@https://registry.npmjs.org/commander/-/commander-13.1.0.tgz. Extracting by manifest.
255 silly tarball no local data for clone@https://registry.npmjs.org/clone/-/clone-2.1.2.tgz. Extracting by manifest.
256 silly tarball no local data for chownr@https://registry.npmjs.org/chownr/-/chownr-1.1.4.tgz. Extracting by manifest.
257 silly tarball no local data for buffer@https://registry.npmjs.org/buffer/-/buffer-5.7.1.tgz. Extracting by manifest.
258 silly tarball no local data for browserify-zlib@https://registry.npmjs.org/browserify-zlib/-/browserify-zlib-0.2.0.tgz. Extracting by manifest.
259 silly tarball no local data for brotli@https://registry.npmjs.org/brotli/-/brotli-1.3.3.tgz. Extracting by manifest.
260 silly tarball no local data for blob-stream@https://registry.npmjs.org/blob-stream/-/blob-stream-0.1.3.tgz. Extracting by manifest.
261 silly tarball no local data for blob@https://registry.npmjs.org/blob/-/blob-0.0.4.tgz. Extracting by manifest.
262 silly tarball no local data for bindings@https://registry.npmjs.org/bindings/-/bindings-1.5.0.tgz. Extracting by manifest.
263 silly tarball no local data for bl@https://registry.npmjs.org/bl/-/bl-4.1.0.tgz. Extracting by manifest.
264 silly tarball no local data for better-sqlite3@https://registry.npmjs.org/better-sqlite3/-/better-sqlite3-12.11.1.tgz. Extracting by manifest.
265 silly tarball no local data for base64-js@https://registry.npmjs.org/base64-js/-/base64-js-1.5.1.tgz. Extracting by manifest.
266 silly tarball no local data for @xmldom/xmldom@https://registry.npmjs.org/@xmldom/xmldom/-/xmldom-0.9.12.tgz. Extracting by manifest.
267 silly tarball no local data for anynum@https://registry.npmjs.org/anynum/-/anynum-1.0.1.tgz. Extracting by manifest.
268 silly tarball no local data for @types/unist@https://registry.npmjs.org/@types/unist/-/unist-3.0.3.tgz. Extracting by manifest.
269 silly tarball no local data for @types/hast@https://registry.npmjs.org/@types/hast/-/hast-3.0.5.tgz. Extracting by manifest.
270 silly tarball no local data for @resvg/resvg-js-linux-arm64-gnu@https://registry.npmjs.org/@resvg/resvg-js-linux-arm64-gnu/-/resvg-js-linux-arm64-gnu-2.6.2.tgz. Extracting by manifest.
271 silly tarball no local data for @resvg/resvg-js@https://registry.npmjs.org/@resvg/resvg-js/-/resvg-js-2.6.2.tgz. Extracting by manifest.
272 silly tarball no local data for @swc/helpers@https://registry.npmjs.org/@swc/helpers/-/helpers-0.5.23.tgz. Extracting by manifest.
273 silly tarball no local data for @pdf-lib/standard-fonts@https://registry.npmjs.org/@pdf-lib/standard-fonts/-/standard-fonts-1.0.0.tgz. Extracting by manifest.
274 silly tarball no local data for @napi-rs/canvas-linux-arm64-gnu@https://registry.npmjs.org/@napi-rs/canvas-linux-arm64-gnu/-/canvas-linux-arm64-gnu-0.1.100.tgz. Extracting by manifest.
275 silly tarball no local data for @nodable/entities@https://registry.npmjs.org/@nodable/entities/-/entities-3.0.0.tgz. Extracting by manifest.
276 silly tarball no local data for @minitype/minitype@https://registry.npmjs.org/@minitype/minitype/-/minitype-0.1.6.tgz. Extracting by manifest.
277 silly tarball no local data for @citation-js/plugin-bibtex@https://registry.npmjs.org/@citation-js/plugin-bibtex/-/plugin-bibtex-0.7.21.tgz. Extracting by manifest.
278 silly tarball no local data for @napi-rs/canvas@https://registry.npmjs.org/@napi-rs/canvas/-/canvas-0.1.100.tgz. Extracting by manifest.
279 silly tarball no local data for @pdf-lib/upng@https://registry.npmjs.org/@pdf-lib/upng/-/upng-1.0.1.tgz. Extracting by manifest.
280 silly tarball no local data for @citation-js/name@https://registry.npmjs.org/@citation-js/name/-/name-0.4.2.tgz. Extracting by manifest.
281 silly tarball no local data for @citation-js/core@https://registry.npmjs.org/@citation-js/core/-/core-0.7.21.tgz. Extracting by manifest.
282 silly tarball no local data for @citation-js/date@https://registry.npmjs.org/@citation-js/date/-/date-0.5.1.tgz. Extracting by manifest.
283 silly tarball no local data for pako@https://registry.npmjs.org/pako/-/pako-0.2.9.tgz. Extracting by manifest.
284 silly tarball no local data for tslib@https://registry.npmjs.org/tslib/-/tslib-2.8.1.tgz. Extracting by manifest.
285 silly tarball no local data for base64-js@https://registry.npmjs.org/base64-js/-/base64-js-0.0.8.tgz. Extracting by manifest.
286 silly tarball no local data for highlight.js@https://registry.npmjs.org/highlight.js/-/highlight.js-11.11.2.tgz. Extracting by manifest.
287 http fetch POST 200 https://registry.npmjs.org/-/npm/v1/security/advisories/bulk 179ms
288 silly audit report {
288 silly audit report   'image-size': [
288 silly audit report     {
288 silly audit report       id: 1138808,
288 silly audit report       url: 'https://github.com/advisories/GHSA-w3rx-r6r6-pgpr',
288 silly audit report       title: 'image-size: ICNS parser allows denial of service through an infinite loop',
288 silly audit report       severity: 'high',
288 silly audit report       vulnerable_versions: '<=2.0.2',
288 silly audit report       cwe: [Array],
288 silly audit report       cvss: [Object]
288 silly audit report     },
288 silly audit report     {
288 silly audit report       id: 1138809,
288 silly audit report       url: 'https://github.com/advisories/GHSA-5p2g-fcmc-qvqq',
288 silly audit report       title: 'image-size: JXL and HEIF parsers allow denial of service through infinite loops',
288 silly audit report       severity: 'high',
288 silly audit report       vulnerable_versions: '<=2.0.2',
288 silly audit report       cwe: [Array],
288 silly audit report       cvss: [Object]
288 silly audit report     }
288 silly audit report   ]
288 silly audit report }
289 silly packumentCache corgi:https://registry.npmjs.org/image-size cache-miss
290 http fetch GET 200 https://registry.npmjs.org/webidl-conversions/-/webidl-conversions-3.0.1.tgz 850ms (cache miss)
291 http fetch GET 200 https://registry.npmjs.org/util-deprecate/-/util-deprecate-1.0.2.tgz 991ms (cache miss)
292 http fetch GET 200 https://registry.npmjs.org/unicode-trie/-/unicode-trie-2.0.0.tgz 1685ms (cache miss)
293 http fetch GET 200 https://registry.npmjs.org/tar-fs/-/tar-fs-2.1.5.tgz 1683ms (cache miss)
294 http fetch GET 200 https://registry.npmjs.org/tar-stream/-/tar-stream-2.2.0.tgz 1771ms (cache miss)
295 http fetch GET 200 https://registry.npmjs.org/tr46/-/tr46-0.0.3.tgz 2226ms (cache miss)
296 http fetch GET 200 https://registry.npmjs.org/string.prototype.codepointat/-/string.prototype.codepointat-0.2.1.tgz 2265ms (cache miss)
297 http fetch GET 200 https://registry.npmjs.org/string_decoder/-/string_decoder-1.3.0.tgz 2336ms (cache miss)
298 http fetch GET 200 https://registry.npmjs.org/sync-fetch/-/sync-fetch-0.4.5.tgz 2690ms (cache miss)
299 http fetch GET 200 https://registry.npmjs.org/tunnel-agent/-/tunnel-agent-0.6.0.tgz 2889ms (cache miss)
300 http fetch GET 200 https://registry.npmjs.org/simple-concat/-/simple-concat-1.0.1.tgz 2951ms (cache miss)
301 http fetch GET 200 https://registry.npmjs.org/strnum/-/strnum-2.4.2.tgz 3178ms (cache miss)
302 http fetch GET 200 https://registry.npmjs.org/tslib/-/tslib-1.14.1.tgz 3366ms (cache miss)
303 http fetch GET 200 https://registry.npmjs.org/semver/-/semver-7.8.5.tgz 3364ms (cache miss)
304 http fetch GET 200 https://registry.npmjs.org/safe-buffer/-/safe-buffer-5.2.1.tgz 3399ms (cache miss)
305 http fetch GET 200 https://registry.npmjs.org/readable-stream/-/readable-stream-3.6.2.tgz 3517ms (cache miss)
306 http fetch GET 200 https://registry.npmjs.org/pump/-/pump-3.0.4.tgz 3533ms (cache miss)
307 http fetch GET 200 https://registry.npmjs.org/restructure/-/restructure-3.0.2.tgz 3608ms (cache miss)
308 http fetch GET 200 https://registry.npmjs.org/prebuild-install/-/prebuild-install-7.1.3.tgz 3618ms (cache miss)
309 warn deprecated prebuild-install@7.1.3: No longer maintained. Please contact the author of the relevant native addon; alternatives are available.
310 http fetch GET 200 https://registry.npmjs.org/simple-get/-/simple-get-4.0.1.tgz 3634ms (cache miss)
311 http fetch GET 200 https://registry.npmjs.org/wicked-good-xpath/-/wicked-good-xpath-1.3.0.tgz 3832ms (cache miss)
312 http fetch GET 200 https://registry.npmjs.org/tiny-inflate/-/tiny-inflate-1.0.3.tgz 4196ms (cache miss)
313 http fetch GET 200 https://registry.npmjs.org/png-js/-/png-js-1.1.0.tgz 4573ms (cache miss)
314 http fetch GET 200 https://registry.npmjs.org/wrappy/-/wrappy-1.0.2.tgz 4999ms (cache miss)
315 http fetch GET 200 https://registry.npmjs.org/strip-json-comments/-/strip-json-comments-2.0.1.tgz 5172ms (cache miss)
316 http fetch GET 200 https://registry.npmjs.org/pako/-/pako-1.0.11.tgz 5351ms (cache miss)
317 http fetch GET 200 https://registry.npmjs.org/once/-/once-1.4.0.tgz 5471ms (cache miss)
318 http fetch GET 200 https://registry.npmjs.org/node-readable-to-web-readable-stream/-/node-readable-to-web-readable-stream-0.4.2.tgz 5635ms (cache miss)
319 http fetch GET 200 https://registry.npmjs.org/node-fetch/-/node-fetch-2.6.13.tgz 5821ms (cache miss)
320 http fetch GET 200 https://registry.npmjs.org/napi-build-utils/-/napi-build-utils-2.0.0.tgz 5878ms (cache miss)
321 http fetch GET 200 https://registry.npmjs.org/node-abi/-/node-abi-3.96.0.tgz 5908ms (cache miss)
322 http fetch GET 200 https://registry.npmjs.org/unicode-properties/-/unicode-properties-1.4.1.tgz 5926ms (cache miss)
323 http fetch GET 200 https://registry.npmjs.org/moo/-/moo-0.5.3.tgz 5924ms (cache miss)
324 http fetch GET 200 https://registry.npmjs.org/mj-context-menu/-/mj-context-menu-0.6.1.tgz 6027ms (cache miss)
325 http fetch GET 200 https://registry.npmjs.org/mimic-response/-/mimic-response-3.1.0.tgz 6031ms (cache miss)
326 http fetch GET 200 https://registry.npmjs.org/minimist/-/minimist-1.2.8.tgz 6215ms (cache miss)
327 http fetch GET 200 https://registry.npmjs.org/mkdirp-classic/-/mkdirp-classic-0.5.3.tgz 6374ms (cache miss)
328 http fetch GET 200 https://registry.npmjs.org/marked/-/marked-17.0.6.tgz 6856ms (cache miss)
329 http fetch GET 200 https://registry.npmjs.org/lowlight/-/lowlight-3.3.0.tgz 6942ms (cache miss)
330 http fetch GET 200 https://registry.npmjs.org/speech-rule-engine/-/speech-rule-engine-4.1.4.tgz 6989ms (cache miss)
331 http fetch GET 200 https://registry.npmjs.org/xml-naming/-/xml-naming-0.3.0.tgz 7012ms (cache miss)
332 http fetch GET 200 https://registry.npmjs.org/linebreak/-/linebreak-1.1.0.tgz 7034ms (cache miss)
333 http fetch GET 200 https://registry.npmjs.org/path-expression-matcher/-/path-expression-matcher-1.6.2.tgz 7214ms (cache miss)
334 http fetch GET 200 https://registry.npmjs.org/inherits/-/inherits-2.0.4.tgz 7237ms (cache miss)
335 http fetch GET 200 https://registry.npmjs.org/ini/-/ini-1.3.8.tgz 7506ms (cache miss)
336 http fetch GET 200 https://registry.npmjs.org/image-size/-/image-size-2.0.2.tgz 7668ms (cache miss)
337 http fetch GET 200 https://registry.npmjs.org/is-unsafe/-/is-unsafe-2.0.2.tgz 7753ms (cache miss)
338 http fetch GET 200 https://registry.npmjs.org/github-from-package/-/github-from-package-0.0.0.tgz 7805ms (cache miss)
339 http fetch GET 200 https://registry.npmjs.org/hyphenation.en-us/-/hyphenation.en-us-0.2.1.tgz 7894ms (cache miss)
340 http fetch GET 200 https://registry.npmjs.org/mhchemparser/-/mhchemparser-4.2.1.tgz 8096ms (cache miss)
341 http fetch GET 200 https://registry.npmjs.org/fs-constants/-/fs-constants-1.0.0.tgz 8162ms (cache miss)
342 http fetch GET 200 https://registry.npmjs.org/file-uri-to-path/-/file-uri-to-path-1.0.0.tgz 8205ms (cache miss)
343 http fetch GET 200 https://registry.npmjs.org/ieee754/-/ieee754-1.2.1.tgz 8209ms (cache miss)
344 http fetch GET 200 https://registry.npmjs.org/hypher/-/hypher-0.2.5.tgz 8228ms (cache miss)
345 http fetch GET 200 https://registry.npmjs.org/fetch-ponyfill/-/fetch-ponyfill-7.1.0.tgz 8480ms (cache miss)
346 http fetch GET 200 https://registry.npmjs.org/fast-xml-builder/-/fast-xml-builder-1.3.1.tgz 8737ms (cache miss)
347 http fetch GET 200 https://registry.npmjs.org/jpeg-exif/-/jpeg-exif-1.1.4.tgz 8844ms (cache miss)
348 warn deprecated jpeg-exif@1.1.4: Package no longer supported. Contact Support at https://www.npmjs.com/support for more info.
349 http fetch GET 200 https://registry.npmjs.org/fast-deep-equal/-/fast-deep-equal-3.1.3.tgz 8894ms (cache miss)
350 http fetch GET 200 https://registry.npmjs.org/expand-template/-/expand-template-2.0.3.tgz 8983ms (cache miss)
351 http fetch GET 200 https://registry.npmjs.org/end-of-stream/-/end-of-stream-1.4.5.tgz 9030ms (cache miss)
352 http fetch GET 200 https://registry.npmjs.org/dfa/-/dfa-1.2.0.tgz 9127ms (cache miss)
353 http fetch GET 200 https://registry.npmjs.org/devlop/-/devlop-1.1.0.tgz 9183ms (cache miss)
354 http fetch GET 200 https://registry.npmjs.org/detect-libc/-/detect-libc-2.1.2.tgz 9222ms (cache miss)
355 http fetch GET 200 https://registry.npmjs.org/dequal/-/dequal-2.0.3.tgz 9254ms (cache miss)
356 http fetch GET 200 https://registry.npmjs.org/yaml/-/yaml-2.9.1.tgz 9339ms (cache miss)
357 http fetch GET 200 https://registry.npmjs.org/decompress-response/-/decompress-response-6.0.0.tgz 9340ms (cache miss)
358 http fetch GET 200 https://registry.npmjs.org/esm/-/esm-3.2.25.tgz 9385ms (cache miss)
359 http fetch GET 200 https://registry.npmjs.org/deep-extend/-/deep-extend-0.6.0.tgz 9501ms (cache miss)
360 http fetch GET 200 https://registry.npmjs.org/commander/-/commander-13.1.0.tgz 9625ms (cache miss)
361 http fetch GET 200 https://registry.npmjs.org/fast-xml-parser/-/fast-xml-parser-5.11.1.tgz 9733ms (cache miss)
362 http fetch GET 200 https://registry.npmjs.org/buffer/-/buffer-5.7.1.tgz 9803ms (cache miss)
363 http fetch GET 200 https://registry.npmjs.org/opentype.js/-/opentype.js-1.3.4.tgz 9871ms (cache miss)
364 http fetch GET 200 https://registry.npmjs.org/browserify-zlib/-/browserify-zlib-0.2.0.tgz 9897ms (cache miss)
365 http fetch GET 200 https://registry.npmjs.org/chownr/-/chownr-1.1.4.tgz 9903ms (cache miss)
366 http fetch GET 200 https://registry.npmjs.org/blob/-/blob-0.0.4.tgz 9945ms (cache miss)
367 http fetch GET 200 https://registry.npmjs.org/blob-stream/-/blob-stream-0.1.3.tgz 9976ms (cache miss)
368 http fetch GET 200 https://registry.npmjs.org/bl/-/bl-4.1.0.tgz 10023ms (cache miss)
369 http fetch GET 200 https://registry.npmjs.org/bindings/-/bindings-1.5.0.tgz 10208ms (cache miss)
370 http fetch GET 200 https://registry.npmjs.org/base64-js/-/base64-js-1.5.1.tgz 10245ms (cache miss)
371 http fetch GET 200 https://registry.npmjs.org/crypto-js/-/crypto-js-4.2.0.tgz 10303ms (cache miss)
372 warn deprecated crypto-js@4.2.0: Active development of CryptoJS has been discontinued. This library is no longer maintained.
373 http fetch GET 200 https://registry.npmjs.org/anynum/-/anynum-1.0.1.tgz 10373ms (cache miss)
374 http fetch GET 200 https://registry.npmjs.org/clone/-/clone-2.1.2.tgz 10441ms (cache miss)
375 http fetch GET 200 https://registry.npmjs.org/zod/-/zod-4.6.4.tgz 10465ms (cache miss)
376 http fetch GET 200 https://registry.npmjs.org/@xmldom/xmldom/-/xmldom-0.9.12.tgz 10643ms (cache miss)
377 http fetch GET 200 https://registry.npmjs.org/@types/unist/-/unist-3.0.3.tgz 10662ms (cache miss)
378 http fetch GET 200 https://registry.npmjs.org/fontkit/-/fontkit-2.0.4.tgz 10779ms (cache miss)
379 http fetch GET 200 https://registry.npmjs.org/highlight.js/-/highlight.js-11.12.0.tgz 10795ms (cache miss)
380 http fetch GET 200 https://registry.npmjs.org/@resvg/resvg-js/-/resvg-js-2.6.2.tgz 10964ms (cache miss)
381 http fetch GET 200 https://registry.npmjs.org/@swc/helpers/-/helpers-0.5.23.tgz 11024ms (cache miss)
382 http fetch GET 200 https://registry.npmjs.org/pdfkit/-/pdfkit-0.17.2.tgz 11319ms (cache miss)
383 http fetch GET 200 https://registry.npmjs.org/@nodable/entities/-/entities-3.0.0.tgz 11621ms (cache miss)
384 http fetch GET 200 https://registry.npmjs.org/brotli/-/brotli-1.3.3.tgz 11775ms (cache miss)
385 http fetch GET 200 https://registry.npmjs.org/@napi-rs/canvas/-/canvas-0.1.100.tgz 11953ms (cache miss)
386 http fetch GET 200 https://registry.npmjs.org/@citation-js/plugin-bibtex/-/plugin-bibtex-0.7.21.tgz 12033ms (cache miss)
387 http fetch GET 200 https://registry.npmjs.org/better-sqlite3/-/better-sqlite3-12.11.1.tgz 12349ms (cache miss)
388 http fetch GET 200 https://registry.npmjs.org/@pdf-lib/upng/-/upng-1.0.1.tgz 12428ms (cache miss)
389 http fetch GET 200 https://registry.npmjs.org/@citation-js/name/-/name-0.4.2.tgz 12443ms (cache miss)
390 http fetch GET 200 https://registry.npmjs.org/@pdf-lib/standard-fonts/-/standard-fonts-1.0.0.tgz 12476ms (cache miss)
391 http fetch GET 200 https://registry.npmjs.org/tslib/-/tslib-2.8.1.tgz 12491ms (cache miss)
392 http fetch GET 200 https://registry.npmjs.org/pako/-/pako-0.2.9.tgz 12536ms (cache miss)
393 http fetch GET 200 https://registry.npmjs.org/image-size 12436ms (cache miss)
394 silly packumentCache corgi:https://registry.npmjs.org/image-size set size:undefined disposed:false
395 silly packumentCache corgi:https://registry.npmjs.org/@minitype%2fminitype cache-miss
396 http fetch GET 200 https://registry.npmjs.org/@citation-js/date/-/date-0.5.1.tgz 12714ms (cache miss)
397 http fetch GET 200 https://registry.npmjs.org/base64-js/-/base64-js-0.0.8.tgz 12729ms (cache miss)
398 http fetch GET 200 https://registry.npmjs.org/@citation-js/core/-/core-0.7.21.tgz 12859ms (cache miss)
399 http fetch GET 200 https://registry.npmjs.org/@minitype%2fminitype 360ms (cache miss)
400 silly packumentCache corgi:https://registry.npmjs.org/@minitype%2fminitype set size:undefined disposed:false
401 http fetch GET 200 https://registry.npmjs.org/highlight.js/-/highlight.js-11.11.2.tgz 13259ms (cache miss)
402 http fetch GET 200 https://registry.npmjs.org/whatwg-url/-/whatwg-url-5.0.0.tgz 15149ms (cache miss)
403 http fetch GET 200 https://registry.npmjs.org/@resvg/resvg-js-linux-arm64-gnu/-/resvg-js-linux-arm64-gnu-2.6.2.tgz 15731ms (cache miss)
404 http fetch GET 200 https://registry.npmjs.org/pdf-lib/-/pdf-lib-1.17.1.tgz 17079ms (cache miss)
405 http fetch GET 200 https://registry.npmjs.org/svg-to-pdfkit/-/svg-to-pdfkit-0.1.8.tgz 17547ms (cache miss)
406 http fetch GET 200 https://registry.npmjs.org/mathjax-full/-/mathjax-full-3.2.2.tgz 17663ms (cache miss)
407 warn deprecated mathjax-full@3.2.2: Version 4 replaces this package with the scoped package @mathjax/src
408 http fetch GET 200 https://registry.npmjs.org/@types/hast/-/hast-3.0.5.tgz 17777ms (cache miss)
409 http fetch GET 200 https://registry.npmjs.org/@napi-rs/canvas-linux-arm64-gnu/-/canvas-linux-arm64-gnu-0.1.100.tgz 19502ms (cache miss)
410 http fetch GET 200 https://registry.npmjs.org/@minitype/minitype/-/minitype-0.1.6.tgz 24044ms (cache miss)
411 http fetch GET 200 https://registry.npmjs.org/pdfjs-dist/-/pdfjs-dist-5.4.624.tgz 28367ms (cache miss)
412 http fetch GET 200 https://registry.npmjs.org/rc/-/rc-1.2.8.tgz 30926ms (cache miss)
413 info run better-sqlite3@12.11.1 install node_modules/better-sqlite3 prebuild-install || node-gyp rebuild --release
414 info run better-sqlite3@12.11.1 install { code: 0, signal: null }
415 silly ADD node_modules/zod
416 silly ADD node_modules/yaml
417 silly ADD node_modules/xml-naming
418 silly ADD node_modules/wrappy
419 silly ADD node_modules/wicked-good-xpath
420 silly ADD node_modules/whatwg-url
421 silly ADD node_modules/webidl-conversions
422 silly ADD node_modules/util-deprecate
423 silly ADD node_modules/unicode-trie
424 silly ADD node_modules/unicode-trie/node_modules/pako
425 silly ADD node_modules/unicode-properties
426 silly ADD node_modules/tunnel-agent
427 silly ADD node_modules/tslib
428 silly ADD node_modules/tr46
429 silly ADD node_modules/tiny-inflate
430 silly ADD node_modules/tar-stream
431 silly ADD node_modules/tar-fs
432 silly ADD node_modules/sync-fetch
433 silly ADD node_modules/svg-to-pdfkit
434 silly ADD node_modules/strnum
435 silly ADD node_modules/strip-json-comments
436 silly ADD node_modules/string.prototype.codepointat
437 silly ADD node_modules/string_decoder
438 silly ADD node_modules/speech-rule-engine
439 silly ADD node_modules/simple-get
440 silly ADD node_modules/simple-concat
441 silly ADD node_modules/semver
442 silly ADD node_modules/safe-buffer
443 silly ADD node_modules/restructure
444 silly ADD node_modules/readable-stream
445 silly ADD node_modules/rc
446 silly ADD node_modules/pump
447 silly ADD node_modules/prebuild-install
448 silly ADD node_modules/png-js
449 silly ADD node_modules/pdfkit
450 silly ADD node_modules/pdfjs-dist
451 silly ADD node_modules/pdf-lib
452 silly ADD node_modules/path-expression-matcher
453 silly ADD node_modules/pako
454 silly ADD node_modules/opentype.js
455 silly ADD node_modules/once
456 silly ADD node_modules/node-readable-to-web-readable-stream
457 silly ADD node_modules/node-fetch
458 silly ADD node_modules/node-abi
459 silly ADD node_modules/napi-build-utils
460 silly ADD node_modules/moo
461 silly ADD node_modules/mkdirp-classic
462 silly ADD node_modules/mj-context-menu
463 silly ADD node_modules/minimist
464 silly ADD node_modules/mimic-response
465 silly ADD node_modules/mhchemparser
466 silly ADD node_modules/mathjax-full
467 silly ADD node_modules/marked
468 silly ADD node_modules/lowlight
469 silly ADD node_modules/lowlight/node_modules/highlight.js
470 silly ADD node_modules/linebreak
471 silly ADD node_modules/linebreak/node_modules/base64-js
472 silly ADD node_modules/jpeg-exif
473 silly ADD node_modules/is-unsafe
474 silly ADD node_modules/ini
475 silly ADD node_modules/inherits
476 silly ADD node_modules/image-size
477 silly ADD node_modules/ieee754
478 silly ADD node_modules/hypher
479 silly ADD node_modules/hyphenation.en-us
480 silly ADD node_modules/highlight.js
481 silly ADD node_modules/github-from-package
482 silly ADD node_modules/fs-constants
483 silly ADD node_modules/fontkit
484 silly ADD node_modules/file-uri-to-path
485 silly ADD node_modules/fetch-ponyfill
486 silly ADD node_modules/fast-xml-parser
487 silly ADD node_modules/fast-xml-builder
488 silly ADD node_modules/fast-deep-equal
489 silly ADD node_modules/expand-template
490 silly ADD node_modules/esm
491 silly ADD node_modules/end-of-stream
492 silly ADD node_modules/dfa
493 silly ADD node_modules/devlop
494 silly ADD node_modules/detect-libc
495 silly ADD node_modules/dequal
496 silly ADD node_modules/deep-extend
497 silly ADD node_modules/decompress-response
498 silly ADD node_modules/crypto-js
499 silly ADD node_modules/commander
500 silly ADD node_modules/clone
501 silly ADD node_modules/chownr
502 silly ADD node_modules/buffer
503 silly ADD node_modules/browserify-zlib
504 silly ADD node_modules/brotli
505 silly ADD node_modules/blob-stream
506 silly ADD node_modules/blob
507 silly ADD node_modules/bl
508 silly ADD node_modules/bindings
509 silly ADD node_modules/better-sqlite3
510 silly ADD node_modules/base64-js
511 silly ADD node_modules/anynum
512 silly ADD node_modules/@xmldom/xmldom
513 silly ADD node_modules/@types/unist
514 silly ADD node_modules/@types/hast
515 silly ADD node_modules/@swc/helpers
516 silly ADD node_modules/@swc/helpers/node_modules/tslib
517 silly ADD
518 silly ADD
519 silly ADD
520 silly ADD
521 silly ADD
522 silly ADD
523 silly ADD node_modules/@resvg/resvg-js-linux-arm64-gnu
524 silly ADD
525 silly ADD
526 silly ADD
527 silly ADD
528 silly ADD
529 silly ADD node_modules/@resvg/resvg-js
530 silly ADD node_modules/@pdf-lib/upng
531 silly ADD node_modules/@pdf-lib/standard-fonts
532 silly ADD node_modules/@nodable/entities
533 silly ADD
534 silly ADD
535 silly ADD
536 silly ADD
537 silly ADD
538 silly ADD
539 silly ADD node_modules/@napi-rs/canvas-linux-arm64-gnu
540 silly ADD
541 silly ADD
542 silly ADD
543 silly ADD
544 silly ADD node_modules/@napi-rs/canvas
545 silly ADD node_modules/@minitype/minitype
546 silly ADD node_modules/@citation-js/plugin-bibtex
547 silly ADD node_modules/@citation-js/name
548 silly ADD node_modules/@citation-js/date
549 silly ADD node_modules/@citation-js/core
550 verbose cwd /jekyll/tools/minitype-pdf
551 verbose os Linux 7.0.14-orbstack-00380-ga7e0a2dc9535
552 verbose node v22.23.2
553 verbose npm  v10.9.8
554 notice
554 notice New major version of npm available! 10.9.8 -> 12.0.2
554 notice Changelog: https://github.com/npm/cli/releases/tag/v12.0.2
554 notice To update run: npm install -g npm@12.0.2
554 notice  { force: true, [Symbol(proc-log.meta)]: true }
555 verbose exit 0
556 info ok
